wp-deploy.webteam.bu.edu http://ist-wp-bld-pr01.bu.edu:8000/ ;
alumni.bu.edu https://www.bu.edu/alumni/ ;
myhousing.bu.edu https://bu.starrezhousing.com/StarRezPortalX ;
arteducation.bu.edu https://www.bu.edu/cfa/ppc6 ;
www.wheelock.edu https://www.bu.edu/wheelock/ ;
ids.bu.edu https://www.bu.edu/ids/ ;
search.bu.edu https://www.bu.edu/phpbin/search/ ;
forms.wheelock.edu https://www.bu.edu/wheelock/ ;
wheelock.edu https://www.bu.edu/wheelock/ ;
qgc.bu.edu https://www.bu.edu/questrom/degree-programs/graduate-programs/questrom-graduate-council ;
activistlab.bu.edu https://www.bu.edu/sph/practice/activist-lab/ ;
terrieredev.bu.edu https://bostonuniversity.sumtotal.host/ ;
chemed.bu.edu https://www.bu.edu/chemed/ ;
bbec.bu.edu https://bbisec19prod.blackbaudhosting.com/30656Prod_9a7a9ec8-bc87-4c33-8685-711fd6c57037/Browser/Default.aspx?BASICONLY=1&SITEINFOID=9a7a9ec8-bc87-4c33-8685-711fd6c57037 ;
nf-kb.org https://www.bu.edu/nf-kb/ ;
web.wheelock.edu https://www.bu.edu/wheelock/ ;
arteducationonline.bu.edu https://www.bu.edu/cfa/online ;
coi.bu.edu https://appnet.bu.edu/coi/ ;
questromconnect.bu.edu https://bu.peoplegrove.com ;
postdocacademy.org https://www.postdocacademy.org/ ;
www.nf-kb.com https://www.bu.edu/nf-kb/ ;
www.agnionline.bu.edu https://agnionline.bu.edu/ ;
musiceducationonline.bu.edu https://www.bu.edu/cfa/online/ ;
nano-cancer.bu.edu https://www.bu.edu/nano-bu/programs/xtnc/ ;
www.terrieredev.bu.edu https://bostonuniversity.sumtotal.host/ ;
cnl.bu.edu https://sites.bu.edu/cnl/ ;
csmet.bu.edu https://www.bu.edu/csmet/ ;
bachelorcompletiononline.bu.edu https://www.bu.edu/online/programs/undergraduate-degree/online-degree-completion.html ;
albase.bumc.bu.edu https://wwwapp.bumc.bu.edu/BEDAC_ALBase/ ;
worcestermsw.bu.edu https://socialwork.bu.edu/worcester/?utm_source=WBUR&utm_medium=radio ;
aims.bu.edu https://www.bu.edu/abroad/programs/aims/ ;
questromfixit.bu.edu https://app.limblecmms.com/#!/loc-problem/2gqpwz3514/14976 ;
onlinetaxllm.bu.edu https://www.bu.edu/law/academics/llm-degrees/taxation/online/ ;
service-now.bu.edu https://bostonu.service-now.com/ ;
additiveassemblylab.bu.edu http://www.jwilliamboley.com/ ;
pep.bu.edu https://www.bu.edu/ssw/careers/pep/?utm_source=WBUR&utm_medium=radio ;
cjdegreeonline.bu.edu https://www.bu.edu/dbin/met/landing-pages/?page=criminal-justice-programs ;
healthcommunication.bu.edu https://www.bu.edu/dbin/met/landing-pages/?page=health-comm ;
cisonline.bu.edu https://www.bu.edu/dbin/met/landing-pages/?page=computerscience ;
