wp-deploy.webteam.bu.edu http://ist-wp-bld-pr01.bu.edu:8000/ ;
alumni.bu.edu https://www.bu.edu/alumni/ ;
myhousing.bu.edu https://bu.starrezhousing.com/StarRezPortalX ;
arteducation.bu.edu http://www.bu.edu/cfa/ppc6 ;
marketingmeetswallstreet.bu.edu http://management.bu.edu/exec/elc/marketingmeetswallst/ ;
www.wheelock.edu https://www.bu.edu/wheelock/ ;
ids.bu.edu http://www.bu.edu/ids/ ;
search.bu.edu http://www.bu.edu/phpbin/search/ ;
forms.wheelock.edu http://www.bu.edu/wheelock/ ;
wheelock.edu https://www.bu.edu/wheelock/ ;
qgc.bu.edu https://www.bu.edu/questrom/degree-programs/graduate-programs/questrom-graduate-council ;
activistlab.bu.edu https://www.bu.edu/sph/practice/activist-lab/ ;
terrieredev.bu.edu http://bostonuniversity.sumtotal.host/ ;
google.bu.edu http://sites.google.com/a/bu.edu/apps/ ;
google http://sites.google.com/a/bu.edu/apps/ ;
test.service-now.bu.edu http://bostonutest.service-now.com ;
chemed.bu.edu http://www.bu.edu/chemed/ ;
bbec.bu.edu https://bbisec19prod.blackbaudhosting.com/30656Prod_9a7a9ec8-bc87-4c33-8685-711fd6c57037/Browser/Default.aspx?BASICONLY=1&SITEINFOID=9a7a9ec8-bc87-4c33-8685-711fd6c57037 ;
nf-kb.org http://www.bu.edu/nf-kb/ ;
web.wheelock.edu http://www.bu.edu/wheelock/ ;
arteducationonline.bu.edu http://www.bu.edu/cfa/online ;
coi.bu.edu https://appnet.bu.edu/coi/ ;
twitter.bu.edu http://twitter.com/bu_tweets/bu-on-twitter ;
gmail.bu.edu http://mail.google.com/a/bu.edu ;
questromconnect.bu.edu https://bu.peoplegrove.com ;
postdocacademy.org https://www.postdocacademy.org/ ;
www.nf-kb.com http://www.bu.edu/nf-kb/ ;
www.agnionline.bu.edu https://agnionline.bu.edu/ ;
musiceducationonline.bu.edu http://www.bu.edu/cfa/online/ ;
nano-cancer.bu.edu http://www.bu.edu/nano-bu/programs/xtnc/ ;
www.terrieredev.bu.edu http://bostonuniversity.sumtotal.host/ ;
lptadmin http://webcape.byuhtrsc.org/nwcresult.php ;
cnl.bu.edu http://sites.bu.edu/cnl/ ;
csmet.bu.edu http://www.bu.edu/csmet/ ;
bachelorcompletiononline.bu.edu http://www.bu.edu/online/programs/undergraduate-degree/online-degree-completion.html ;
albase.bumc.bu.edu https://wwwapp.bumc.bu.edu/BEDAC_ALBase/ ;
worcestermsw.bu.edu https://socialwork.bu.edu/worcester/?utm_source=WBUR&utm_medium=radio ;
aims.bu.edu http://www.bu.edu/abroad/programs/aims/ ;
questromfixit.bu.edu https://app.limblecmms.com/#!/loc-problem/2gqpwz3514/14976 ;
onlinetaxllm.bu.edu http://www.bu.edu/law/academics/llm-degrees/taxation/online/ ;
service-now.bu.edu https://bostonu.service-now.com/ ;
additiveassemblylab.bu.edu http://www.jwilliamboley.com/ ;
pep.bu.edu http://www.bu.edu/ssw/careers/pep/?utm_source=WBUR&utm_medium=radio ;
gmail http://mail.google.com/a/bu.edu ;
lptadmin.bu.edu http://webcape.byuhtrsc.org/nwcresult.php ;
