wp-deploy.webteam.bu.edu redirect_asis ;
alumni.bu.edu redirect_asis ;
myhousing.bu.edu redirect_asis ;
arteducation.bu.edu redirect_asis ;
marketingmeetswallstreet.bu.edu redirect_asis ;
www.wheelock.edu redirect_asis ;
ids.bu.edu redirect_asis ;
search.bu.edu redirect_asis ;
forms.wheelock.edu redirect_asis ;
wheelock.edu redirect_asis ;
qgc.bu.edu redirect_asis ;
activistlab.bu.edu redirect_asis ;
terrieredev.bu.edu redirect_asis ;
google.bu.edu redirect_asis ;
test.service-now.bu.edu redirect_asis ;
chemed.bu.edu redirect_asis ;
bbec.bu.edu redirect_asis ;
nf-kb.org redirect_asis ;
web.wheelock.edu redirect_asis ;
arteducationonline.bu.edu redirect_asis ;
coi.bu.edu redirect_asis ;
twitter.bu.edu redirect_asis ;
gmail.bu.edu redirect_asis ;
questromconnect.bu.edu redirect_asis ;
postdocacademy.org redirect_asis ;
www.nf-kb.com redirect_asis ;
www.agnionline.bu.edu redirect_asis ;
musiceducationonline.bu.edu redirect_asis ;
nano-cancer.bu.edu redirect_asis ;
www.terrieredev.bu.edu redirect_asis ;
lptadmin redirect_asis ;
cnl.bu.edu redirect_asis ;
csmet.bu.edu redirect_asis ;
bachelorcompletiononline.bu.edu redirect_asis ;
albase.bumc.bu.edu redirect_asis ;
worcestermsw.bu.edu redirect_asis ;
aims.bu.edu redirect_asis ;
questromfixit.bu.edu redirect_asis ;
onlinetaxllm.bu.edu redirect_asis ;
service-now.bu.edu redirect_asis ;
additiveassemblylab.bu.edu redirect_asis ;
pep.bu.edu redirect_asis ;
lptadmin.bu.edu redirect_asis ;
