go.bu.edu/back2bu redirect_asis ;
go.bu.edu/back2bu/posfacstaff redirect_asis ;
go.bu.edu/back2bu/categories redirect_asis ;
go.bu.edu/experience redirect_asis ;
go.bu.edu/research redirect_asis ;
go.bu.edu/research/mag redirect_asis ;
go.bu.edu/research/trails redirect_asis ;
go.bu.edu/research/chemo redirect_asis ;
go.bu.edu/research/learn redirect_asis ;
go.bu.edu/research/alzheimers redirect_asis ;
go.bu.edu/research/snapshots redirect_asis ;
go.bu.edu/research/pinsky redirect_asis ;
go.bu.edu/research/higgs redirect_asis ;
go.bu.edu/research/aau redirect_asis ;
go.bu.edu/research/parajanov redirect_asis ;
go.bu.edu/research/highlights redirect_asis ;
go.bu.edu/research/climate redirect_asis ;
go.bu.edu/research/cte redirect_asis ;
go.bu.edu/research/space redirect_asis ;
go.bu.edu/research/community redirect_asis ;
go.bu.edu/comtalk/100video redirect_asis ;
go.bu.edu/comtalk/syria redirect_asis ;
go.bu.edu/comtalk/high-tech redirect_asis ;
go.bu.edu/comtalk/2024 redirect_asis ;
go.bu.edu/comtalk/blackmass redirect_asis ;
go.bu.edu/comtalk/china-films redirect_asis ;
go.bu.edu/comtalk/doubilet redirect_asis ;
go.bu.edu/comtalk/test redirect_asis ;
go.bu.edu/comtalk/nepal redirect_asis ;
go.bu.edu/comtalk/guatemala redirect_asis ;
go.bu.edu/comtalk/vaynerfood redirect_asis ;
go.bu.edu/comtalk/sox redirect_asis ;
go.bu.edu/comtalk/adviceSP17 redirect_asis ;
go.bu.edu/comtalk/playfwd17 redirect_asis ;
go.bu.edu/comtalk/daly redirect_asis ;
go.bu.edu/comtalk/advice redirect_asis ;
go.bu.edu/comtalk/mellen redirect_asis ;
go.bu.edu/comtalk/kotcher redirect_asis ;
go.bu.edu/comtalk/vatican redirect_asis ;
go.bu.edu/comtalk/safety redirect_asis ;
go.bu.edu/comtalk/will redirect_asis ;
go.bu.edu/comtalk/unitea redirect_asis ;
go.bu.edu/comtalk/roth redirect_asis ;
go.bu.edu/comtalk/brinkerhoff redirect_asis ;
go.bu.edu/comtalk/gastropod redirect_asis ;
go.bu.edu/comtalk/mockingbird redirect_asis ;
go.bu.edu/comtalk/looking redirect_asis ;
go.bu.edu/comtalk/djrock redirect_asis ;
go.bu.edu/comtalk/weigl redirect_asis ;
go.bu.edu/comtalk/guess redirect_asis ;
go.bu.edu/comtalk/croewe redirect_asis ;
go.bu.edu/comtalk/redstone2013 redirect_asis ;
go.bu.edu/comtalk/wtbu-win redirect_asis ;
go.bu.edu/comtalk/starwars redirect_asis ;
go.bu.edu/comtalk/prettybird redirect_asis ;
go.bu.edu/comtalk/books-summer-13 redirect_asis ;
go.bu.edu/comtalk/climate redirect_asis ;
go.bu.edu/comtalk/ces17 redirect_asis ;
go.bu.edu/comtalk/greatest-ads redirect_asis ;
go.bu.edu/comtalk/memoriam15 redirect_asis ;
go.bu.edu/comtalk/souza redirect_asis ;
go.bu.edu/comtalk/ventures redirect_asis ;
go.bu.edu/comtalk/gilbeau redirect_asis ;
go.bu.edu/comtalk/jfuture redirect_asis ;
go.bu.edu/comtalk/cuba redirect_asis ;
go.bu.edu/comtalk/storm redirect_asis ;
go.bu.edu/comtalk/dubuc redirect_asis ;
go.bu.edu/comtalk/weinberg redirect_asis ;
go.bu.edu/comtalk/thrones redirect_asis ;
go.bu.edu/comtalk/genius redirect_asis ;
go.bu.edu/early-decision redirect_asis ;
go.bu.edu/solarpanels redirect_asis ;
go.bu.edu/cas-live redirect_asis ;
go.bu.edu/women2014 redirect_asis ;
go.bu.edu/apply redirect_asis ;
go.bu.edu/analjit redirect_asis ;
go.bu.edu/cgs-live redirect_asis ;
go.bu.edu/discover redirect_asis ;
go.bu.edu/discover/tree redirect_asis ;
go.bu.edu/discover/football redirect_asis ;
go.bu.edu/discover/war redirect_asis ;
go.bu.edu/discover/americans redirect_asis ;
go.bu.edu/discover/heaven redirect_asis ;
go.bu.edu/discover/villagers redirect_asis ;
go.bu.edu/discover/engineering redirect_asis ;
go.bu.edu/WIESEL redirect_asis ;
go.bu.edu/belong redirect_asis ;
go.bu.edu/sabermetrics redirect_asis ;
go.bu.edu/join redirect_asis ;
go.bu.edu/gsu redirect_asis ;
go.bu.edu/today/flash-drive-promo redirect_asis ;
go.bu.edu/ttc redirect_asis ;
go.bu.edu/CILSE/RSVP redirect_asis ;
go.bu.edu/frontlinemed redirect_asis ;
go.bu.edu/invent redirect_asis ;
go.bu.edu/matric19 redirect_asis ;
go.bu.edu/matric17 redirect_asis ;
go.bu.edu/mse19 redirect_asis ;
go.bu.edu/trudel redirect_asis ;
go.bu.edu/healthcare redirect_asis ;
go.bu.edu/heartstudy redirect_asis ;
go.bu.edu/matric18 redirect_asis ;
go.bu.edu/ed redirect_asis ;
go.bu.edu/sar-live redirect_asis ;
go.bu.edu/bme19 redirect_asis ;
go.bu.edu/new-balance redirect_asis ;
go.bu.edu/bme17 redirect_asis ;
go.bu.edu/sthad redirect_asis ;
go.bu.edu/bme18 redirect_asis ;
go.bu.edu/visit redirect_asis ;
go.bu.edu/speakup redirect_asis ;
go.bu.edu/focus/motive redirect_asis ;
go.bu.edu/focus/webinars redirect_asis ;
go.bu.edu/focus/lifelong redirect_asis ;
go.bu.edu/focus/live redirect_asis ;
go.bu.edu/focus/alums redirect_asis ;
go.bu.edu/explore redirect_asis ;
go.bu.edu/bikekit redirect_asis ;
go.bu.edu/com-live redirect_asis ;
go.bu.edu/sargent/inside-sargent redirect_asis ;
go.bu.edu/byrne-pinker redirect_asis ;
go.bu.edu/mse redirect_asis ;
go.bu.edu/wba redirect_asis ;
go.bu.edu/admissions/crediteval redirect_asis ;
go.bu.edu/admissions/transfer redirect_asis ;
go.bu.edu/admissions/majors redirect_asis ;
go.bu.edu/admissions/scholarships redirect_asis ;
go.bu.edu/admissions/transfer-scholarships redirect_asis ;
go.bu.edu/admissions/secondary-school-credentials redirect_asis ;
go.bu.edu/admissions/advanced-credit redirect_asis ;
go.bu.edu/admissions/transfer-equivalency redirect_asis ;
go.bu.edu/admissions/international redirect_asis ;
go.bu.edu/ar/webkey2012 redirect_asis ;
go.bu.edu/smgmentor redirect_asis ;
go.bu.edu/gradopenhouse redirect_asis ;
go.bu.edu/gym redirect_asis ;
go.bu.edu/toothresearch redirect_asis ;
go.bu.edu/arena redirect_asis ;
go.bu.edu/affordablebu redirect_asis ;
go.bu.edu/mtm redirect_asis ;
go.bu.edu/checkin/innsights redirect_asis ;
go.bu.edu/checkin/careers redirect_asis ;
go.bu.edu/grs/applyearth redirect_asis ;
go.bu.edu/play redirect_asis ;
go.bu.edu/eng-live redirect_asis ;
go.bu.edu/bme redirect_asis ;
go.bu.edu/k12 redirect_asis ;
go.bu.edu/create redirect_asis ;
go.bu.edu/tech/wordpress redirect_asis ;
go.bu.edu/homiletics redirect_asis ;
go.bu.edu/libraryconnect redirect_asis ;
go.bu.edu/snyder redirect_asis ;
go.bu.edu/STH redirect_asis ;
go.bu.edu/STH/alums redirect_asis ;
go.bu.edu/jetblue redirect_asis ;
go.bu.edu/bostonia/southerland redirect_asis ;
go.bu.edu/bostonia/awards redirect_asis ;
go.bu.edu/brandtheory redirect_asis ;
go.bu.edu/bme15 redirect_asis ;
go.bu.edu/astley redirect_asis ;
go.bu.edu/bumc/matchday redirect_asis ;
