lite.bu.edu https://www.bu.edu/lite/ ;
masscoalitionfororalhealth.org https//www.masscoalitionfororalhealth.org/ ;
nanoscience.bu.edu https://www.bu.edu/nano-bu/ ;
cmld.bu.edu https://www.bu.edu/cmd/ ;
bostonbiosafety.com https://www.bu.edu/neidl/ ;
servicenow.bu.edu https://bu.service-now.com/ ;
genchem.bu.edu https://www.bu.edu/genchem/ ;
cflp.bu.edu https://www.bu.edu/cflp/ ;
cashelp.bu.edu https://www.bu.edu/casit/ ;
theruralstudy.org https://www.theruralstudy.org/ ;
biochem.bumc.bu.edu https://www.bumc.bu.edu/biochemistry/ ;
www.sarcoid.org https://www.bumc.bu.edu/pulmonary/clinicalcenters/sarcoidosis/ ;
blackboard.bu.edu https://www.bu.edu/tech/teaching/lms/blackboard-8/ ;
online.bu.edu https://www.bu.edu/online/ ;
organlibrary.org http://www.organlibrary.org/ ;
www.alcoholeducationforyouth.org https://www.bu.edu/alcoholeducationforyouth/ ;
quantumconcepts.bu.edu https://www.bu.edu/quantumconcepts/ ;
nislab.bu.edu https://sites.bu.edu/nislab/ ;
buworkshelp.bu.edu https://prw.buw.bu.edu/gm/workplace/ ;
www.computationalimmunology.org https://www.bu.edu/computationalimmunology/ ;
pionline.bu.edu https://cpe.bu.edu/ ;
www.urbanarch.org https://sites.bu.edu/urbanarch/ ;
ultra.bu.edu https://sites.bu.edu/ocn/ ;
indigobirds.com https://www.bu.edu/indigobirds/ ;
bmerc.bu.edu https://www.bu.edu/bmerc/ ;
buacademy.org https://www.buacademy.org/ ;
www.citycoboston.com https://citycoboston.com/ ;
laverdesmarket.com https://www.laverdes.com/ ;
barbagroup.bu.edu https://lorenabarba.com/ ;
bmerc-www.bu.edu https://www.bu.edu/bmerc/ ;
sarcoid.org https://www.bumc.bu.edu/pulmonary/clinicalcenters/sarcoidosis/ ;
biomicroscopy.bu.edu https://sites.bu.edu/biomicroscopy/ ;
www.ddensmore.net https://www.cidarlab.org/ddensmore ;
masslocalinstitute.com https://sites.bu.edu/masslocalinstitute/ ;
burobotics.org https://www.bu.edu/bufirst/ ;
ciopocketmba.bu.edu https://www.bu.edu/questrom/executive-education ;
nephtc.org https://www.bu.edu/nephtc/ ;
dental.bu.edu https://www.bu.edu/dental/ ;
laverdes.com https://www.laverdes.com/ ;
mark.bu.edu https://sites.bu.edu/mark/ ;
www.framinghamheartstudy.org https://framinghamheartstudy.org/ ;
cidarlab.org https://wiki.bu.edu/ece-cidar/ ;
cpctools.bu.edu https://sites.bu.edu/cpctools/ ;
agganisarena.com https://www.agganisarena.com/ ;
ctsi.bu.edu https://www.bu.edu/ctsi/ ;
cmd.bu.edu https://www.bu.edu/cmd/ ;
www.indigobirds.com https://www.bu.edu/indigobirds/ ;
www.cidarlab.org https://wiki.bu.edu/ece-cidar/ ;
masscoalitionfororalhealth.com https://www.masscoalitionfororalhealth.org/ ;
urbanarch.org https://sites.bu.edu/urbanarch/ ;
www.burobotics.org https://www.bu.edu/bufirst/ ;
sed-survey.bu.edu https://www.bu.edu/sed/studentsurvey/ ;
chinaafricaloandata.bu.edu https://www.chinaafricaloandata.org/ ;
hyness.bu.edu https://sites.bu.edu/hyness/ ;
library.bu.edu https://www.bu.edu/library/ ;
city-convenience.com https://citycoboston.com/ ;
mlkjr.bu.edu https://www.bu.edu/dbin/mlkjr/ ;
education.bu.edu https://www.bu.edu/sed/ ;
musiceducation.bu.edu https://www.bu.edu/cfa/online/ ;
arts.bu.edu https://www.bu.edu/arts/ ;
ddensmore.net https://www.cidarlab.org/ddensmore ;
masslocalinstitute.org https://sites.bu.edu/masslocalinstitute/ ;
online https://www.bu.edu/online/ ;
cliveg.bu.edu https://www.bu.edu/cliveg/ ;
presto.bu.edu https://sites.bu.edu/presto/ ;
quantum.bu.edu https://www.bu.edu/quantum/ ;
bumc.bu.edu https://www.bumc.bu.edu/ ;
todaysbaby.org https://sites.bu.edu/todaysbaby/ ;
www.meetatbu.com https://www.bu.edu/meetatbu/ ;
fraunhofer.bu.edu https://www.bu.edu/fhcmi/ ;
sed-it.bu.edu https://www.bu.edu/sed/it/ ;
wiki-test.bu.edu https://www-test.bu.edu/phpbin/wiki/ ;
