lite.bu.edu https://www.bu.edu/lite/ ;
masscoalitionfororalhealth.org https//www.masscoalitionfororalhealth.org/ ;
nanoscience.bu.edu http://www.bu.edu/nano-bu/ ;
cmld.bu.edu http://www.bu.edu/cmd/ ;
bostonbiosafety.com http://www.bu.edu/neidl/ ;
servicenow.bu.edu http://bu.service-now.com/ ;
genchem.bu.edu http://www.bu.edu/genchem/ ;
cflp.bu.edu http://www.bu.edu/cflp/ ;
cashelp.bu.edu http://www.bu.edu/casit/ ;
theruralstudy.org https://www.theruralstudy.org/ ;
www.iheartbua.com http://www.buacademy.org/iheartbua/ ;
biochem.bumc.bu.edu http://www.bumc.bu.edu/biochemistry/ ;
www.sarcoid.org http://www.bumc.bu.edu/pulmonary/clinicalcenters/sarcoidosis/ ;
blackboard.bu.edu http://www.bu.edu/tech/teaching/lms/blackboard-8/ ;
online.bu.edu http://www.bu.edu/online/ ;
organlibrary.org http://www.organlibrary.org/ ;
www.alcoholeducationforyouth.org http://www.bu.edu/alcoholeducationforyouth/ ;
quantumconcepts.bu.edu https://www.bu.edu/quantumconcepts/ ;
nislab.bu.edu http://sites.bu.edu/nislab/ ;
buworkshelp.bu.edu https://prw.buw.bu.edu/gm/workplace/ ;
www.computationalimmunology.org http://www.bu.edu/computationalimmunology/ ;
pionline.bu.edu http://www.onlinecourselearning.com/bu/pi/ ;
www.urbanarch.org http://sites.bu.edu/urbanarch/ ;
ultra.bu.edu http://sites.bu.edu/ocn/ ;
indigobirds.com https://www.bu.edu/indigobirds/ ;
bmerc.bu.edu http://www.bu.edu/bmerc/ ;
buacademy.org http://www.buacademy.org/ ;
www.citycoboston.com https://citycoboston.com/ ;
laverdesmarket.com https://www.laverdes.com/ ;
barbagroup.bu.edu http://lorenabarba.com/ ;
service-nowdev.bu.edu http://bostonudev.service-now.com/ ;
bmerc-www.bu.edu http://www.bu.edu/bmerc/ ;
sarcoid.org http://www.bumc.bu.edu/pulmonary/clinicalcenters/sarcoidosis/ ;
biomicroscopy.bu.edu http://sites.bu.edu/biomicroscopy/ ;
www.ddensmore.net http://people.bu.edu/dougd/ ;
masslocalinstitute.com https://sites.bu.edu/masslocalinstitute/ ;
burobotics.org http://www.bu.edu/bufirst/ ;
ciopocketmba.bu.edu http://smgworld.bu.edu/elc/open-enrollment/cio-pocket-mba/ ;
nephtc.org http://www.bu.edu/nephtc/ ;
dev.service-now.bu.edu http://bostonudev.service-now.com/ ;
service-nowtest.bu.edu http://bostonutest.service-now.com/ ;
dental.bu.edu http://www.bu.edu/dental/ ;
laverdes.com https://www.laverdes.com/ ;
mark.bu.edu https://sites.bu.edu/mark/ ;
www.framinghamheartstudy.org https://framinghamheartstudy.org/ ;
cidarlab.org http://wiki.bu.edu/ece-cidar/ ;
cpctools.bu.edu http://sites.bu.edu/cpctools/ ;
agganisarena.com https://www.agganisarena.com/ ;
ctsi.bu.edu http://www.bu.edu/ctsi/ ;
cmd.bu.edu http://www.bu.edu/cmd/ ;
rmaonline.bu.edu http://onlinecourselearning.com/bu/rma/ ;
www.indigobirds.com https://www.bu.edu/indigobirds/ ;
www.cidarlab.org http://wiki.bu.edu/ece-cidar/ ;
masscoalitionfororalhealth.com https://www.masscoalitionfororalhealth.org/ ;
urbanarch.org http://sites.bu.edu/urbanarch/ ;
www.burobotics.org http://www.bu.edu/bufirst/ ;
servicenowtest.bu.edu http://bostonutest.service-now.com/ ;
sed-survey.bu.edu http://www.bu.edu/sed/studentsurvey/ ;
chinaafricaloandata.bu.edu https://www.chinaafricaloandata.org/ ;
engconnect.bu.edu http://bu.peoplegrove.com/hub/engconnect/home/ ;
hyness.bu.edu http://sites.bu.edu/hyness/ ;
library.bu.edu http://www.bu.edu/library/ ;
city-convenience.com https://citycoboston.com/ ;
servicenowdev.bu.edu http://bostonudev.service-now.com/ ;
mlkjr.bu.edu http://www.bu.edu/dbin/mlkjr/ ;
education.bu.edu http://www.bu.edu/sed/ ;
musiceducation.bu.edu http://www.bu.edu/cfa/online/ ;
arts.bu.edu http://www.bu.edu/arts/ ;
ddensmore.net http://people.bu.edu/dougd/ ;
masslocalinstitute.org https://sites.bu.edu/masslocalinstitute/ ;
online http://www.bu.edu/online/ ;
cliveg.bu.edu http://www.bu.edu/cliveg/ ;
presto.bu.edu http://sites.bu.edu/presto/ ;
quantum.bu.edu https://www.bu.edu/quantum/ ;
bumc.bu.edu http://www.bumc.bu.edu/ ;
todaysbaby.org http://sites.bu.edu/todaysbaby/ ;
www.bumchelp.bu.edu http://bumchelp.bu.edu/ ;
www.meetatbu.com https://www.bu.edu/meetatbu/ ;
fraunhofer.bu.edu http://www.bu.edu/fhcmi/ ;
sed-it.bu.edu http://www.bu.edu/sed/it/ ;
wiki-test.bu.edu https://www-test.bu.edu/phpbin/wiki/ ;
