lite.bu.edu redirect ;
masscoalitionfororalhealth.org redirect ;
nanoscience.bu.edu redirect ;
cmld.bu.edu redirect ;
bostonbiosafety.com redirect ;
servicenow.bu.edu redirect ;
genchem.bu.edu redirect ;
cflp.bu.edu redirect ;
cashelp.bu.edu redirect ;
theruralstudy.org redirect ;
www.iheartbua.com redirect ;
biochem.bumc.bu.edu redirect ;
www.sarcoid.org redirect ;
blackboard.bu.edu redirect ;
online.bu.edu redirect ;
organlibrary.org redirect ;
www.alcoholeducationforyouth.org redirect ;
quantumconcepts.bu.edu redirect ;
nislab.bu.edu redirect ;
buworkshelp.bu.edu redirect ;
www.computationalimmunology.org redirect ;
pionline.bu.edu redirect ;
www.urbanarch.org redirect ;
ultra.bu.edu redirect ;
indigobirds.com redirect ;
bmerc.bu.edu redirect ;
buacademy.org redirect ;
www.citycoboston.com redirect ;
laverdesmarket.com redirect ;
barbagroup.bu.edu redirect ;
service-nowdev.bu.edu redirect ;
bmerc-www.bu.edu redirect ;
sarcoid.org redirect ;
biomicroscopy.bu.edu redirect ;
www.ddensmore.net redirect ;
masslocalinstitute.com redirect ;
burobotics.org redirect ;
ciopocketmba.bu.edu redirect ;
nephtc.org redirect ;
dev.service-now.bu.edu redirect ;
service-nowtest.bu.edu redirect ;
dental.bu.edu redirect ;
laverdes.com redirect ;
mark.bu.edu redirect ;
www.framinghamheartstudy.org redirect ;
cidarlab.org redirect ;
cpctools.bu.edu redirect ;
agganisarena.com redirect ;
ctsi.bu.edu redirect ;
cmd.bu.edu redirect ;
rmaonline.bu.edu redirect ;
www.indigobirds.com redirect ;
www.cidarlab.org redirect ;
archives.bu.edu redirect ;
masscoalitionfororalhealth.com redirect ;
urbanarch.org redirect ;
www.burobotics.org redirect ;
servicenowtest.bu.edu redirect ;
sed-survey.bu.edu redirect ;
chinaafricaloandata.bu.edu redirect ;
engconnect.bu.edu redirect ;
hyness.bu.edu redirect ;
library.bu.edu redirect ;
city-convenience.com redirect ;
servicenowdev.bu.edu redirect ;
mlkjr.bu.edu redirect ;
education.bu.edu redirect ;
musiceducation.bu.edu redirect ;
arts.bu.edu redirect ;
ddensmore.net redirect ;
masslocalinstitute.org redirect ;
online redirect ;
cliveg.bu.edu redirect ;
presto.bu.edu redirect ;
quantum.bu.edu redirect ;
bumc.bu.edu redirect ;
todaysbaby.org redirect ;
www.bumchelp.bu.edu redirect ;
www.meetatbu.com redirect ;
fraunhofer.bu.edu redirect ;
sed-it.bu.edu redirect ;
wiki-test.bu.edu redirect ;
